Archive member included because of file (symbol)

c:/program files/gnu tools arm embedded/4.8 2014q1/bin/../lib/gcc/arm-none-eabi/4.8.3/../../../../arm-none-eabi/lib/armv7-m\libg.a(lib_a-memcpy.o)
                              ..\obj\queue.o (memcpy)

Discarded input sections

 .text          0x00000000        0x0 ..\obj\stm32f10x_tim.o
 .data          0x00000000        0x0 ..\obj\stm32f10x_tim.o
 .bss           0x00000000        0x0 ..\obj\stm32f10x_tim.o
 .text.TIM_DeInit
                0x00000000      0x22c ..\obj\stm32f10x_tim.o
 .text.TIM_TimeBaseInit
                0x00000000       0xf8 ..\obj\stm32f10x_tim.o
 .text.TIM_OC1Init
                0x00000000      0x118 ..\obj\stm32f10x_tim.o
 .text.TIM_OC2Init
                0x00000000      0x110 ..\obj\stm32f10x_tim.o
 .text.TIM_OC3Init
                0x00000000      0x10c ..\obj\stm32f10x_tim.o
 .text.TIM_OC4Init
                0x00000000       0xd0 ..\obj\stm32f10x_tim.o
 .text.TIM_ICInit
                0x00000000       0xa8 ..\obj\stm32f10x_tim.o
 .text.TIM_PWMIConfig
                0x00000000       0xb8 ..\obj\stm32f10x_tim.o
 .text.TIM_BDTRConfig
                0x00000000       0x50 ..\obj\stm32f10x_tim.o
 .text.TIM_TimeBaseStructInit
                0x00000000       0x34 ..\obj\stm32f10x_tim.o
 .text.TIM_OCStructInit
                0x00000000       0x44 ..\obj\stm32f10x_tim.o
 .text.TIM_ICStructInit
                0x00000000       0x30 ..\obj\stm32f10x_tim.o
 .text.TIM_BDTRStructInit
                0x00000000       0x3c ..\obj\stm32f10x_tim.o
 .text.TIM_Cmd  0x00000000       0x40 ..\obj\stm32f10x_tim.o
 .text.TIM_CtrlPWMOutputs
                0x00000000       0x4c ..\obj\stm32f10x_tim.o
 .text.TIM_ITConfig
                0x00000000       0x48 ..\obj\stm32f10x_tim.o
 .text.TIM_GenerateEvent
                0x00000000       0x1c ..\obj\stm32f10x_tim.o
 .text.TIM_DMAConfig
                0x00000000       0x28 ..\obj\stm32f10x_tim.o
 .text.TIM_DMACmd
                0x00000000       0x48 ..\obj\stm32f10x_tim.o
 .text.TIM_InternalClockConfig
                0x00000000       0x24 ..\obj\stm32f10x_tim.o
 .text.TIM_ITRxExternalClockConfig
                0x00000000       0x2c ..\obj\stm32f10x_tim.o
 .text.TIM_TIxExternalClockConfig
                0x00000000       0x54 ..\obj\stm32f10x_tim.o
 .text.TIM_ETRClockMode1Config
                0x00000000       0x50 ..\obj\stm32f10x_tim.o
 .text.TIM_ETRClockMode2Config
                0x00000000       0x30 ..\obj\stm32f10x_tim.o
 .text.TIM_ETRConfig
                0x00000000       0x48 ..\obj\stm32f10x_tim.o
 .text.TIM_PrescalerConfig
                0x00000000       0x28 ..\obj\stm32f10x_tim.o
 .text.TIM_CounterModeConfig
                0x00000000       0x38 ..\obj\stm32f10x_tim.o
 .text.TIM_SelectInputTrigger
                0x00000000       0x38 ..\obj\stm32f10x_tim.o
 .text.TIM_EncoderInterfaceConfig
                0x00000000       0x8c ..\obj\stm32f10x_tim.o
 .text.TIM_ForcedOC1Config
                0x00000000       0x38 ..\obj\stm32f10x_tim.o
 .text.TIM_ForcedOC2Config
                0x00000000       0x3c ..\obj\stm32f10x_tim.o
 .text.TIM_ForcedOC3Config
                0x00000000       0x38 ..\obj\stm32f10x_tim.o
 .text.TIM_ForcedOC4Config
                0x00000000       0x3c ..\obj\stm32f10x_tim.o
 .text.TIM_ARRPreloadConfig
                0x00000000       0x40 ..\obj\stm32f10x_tim.o
 .text.TIM_SelectCOM
                0x00000000       0x40 ..\obj\stm32f10x_tim.o
 .text.TIM_SelectCCDMA
                0x00000000       0x40 ..\obj\stm32f10x_tim.o
 .text.TIM_CCPreloadControl
                0x00000000       0x40 ..\obj\stm32f10x_tim.o
 .text.TIM_OC1PreloadConfig
                0x00000000       0x38 ..\obj\stm32f10x_tim.o
 .text.TIM_OC2PreloadConfig
                0x00000000       0x3c ..\obj\stm32f10x_tim.o
 .text.TIM_OC3PreloadConfig
                0x00000000       0x38 ..\obj\stm32f10x_tim.o
 .text.TIM_OC4PreloadConfig
                0x00000000       0x3c ..\obj\stm32f10x_tim.o
 .text.TIM_OC1FastConfig
                0x00000000       0x38 ..\obj\stm32f10x_tim.o
 .text.TIM_OC2FastConfig
                0x00000000       0x3c ..\obj\stm32f10x_tim.o
 .text.TIM_OC3FastConfig
                0x00000000       0x38 ..\obj\stm32f10x_tim.o
 .text.TIM_OC4FastConfig
                0x00000000       0x3c ..\obj\stm32f10x_tim.o
 .text.TIM_ClearOC1Ref
                0x00000000       0x38 ..\obj\stm32f10x_tim.o
 .text.TIM_ClearOC2Ref
                0x00000000       0x3c ..\obj\stm32f10x_tim.o
 .text.TIM_ClearOC3Ref
                0x00000000       0x38 ..\obj\stm32f10x_tim.o
 .text.TIM_ClearOC4Ref
                0x00000000       0x3c ..\obj\stm32f10x_tim.o
 .text.TIM_OC1PolarityConfig
                0x00000000       0x38 ..\obj\stm32f10x_tim.o
 .text.TIM_OC1NPolarityConfig
                0x00000000       0x38 ..\obj\stm32f10x_tim.o
 .text.TIM_OC2PolarityConfig
                0x00000000       0x3c ..\obj\stm32f10x_tim.o
 .text.TIM_OC2NPolarityConfig
                0x00000000       0x3c ..\obj\stm32f10x_tim.o
 .text.TIM_OC3PolarityConfig
                0x00000000       0x3c ..\obj\stm32f10x_tim.o
 .text.TIM_OC3NPolarityConfig
                0x00000000       0x3c ..\obj\stm32f10x_tim.o
 .text.TIM_OC4PolarityConfig
                0x00000000       0x3c ..\obj\stm32f10x_tim.o
 .text.TIM_CCxCmd
                0x00000000       0x54 ..\obj\stm32f10x_tim.o
 .text.TIM_CCxNCmd
                0x00000000       0x54 ..\obj\stm32f10x_tim.o
 .text.TIM_SelectOCxM
                0x00000000       0xa8 ..\obj\stm32f10x_tim.o
 .text.TIM_UpdateDisableConfig
                0x00000000       0x40 ..\obj\stm32f10x_tim.o
 .text.TIM_UpdateRequestConfig
                0x00000000       0x40 ..\obj\stm32f10x_tim.o
 .text.TIM_SelectHallSensor
                0x00000000       0x40 ..\obj\stm32f10x_tim.o
 .text.TIM_SelectOnePulseMode
                0x00000000       0x38 ..\obj\stm32f10x_tim.o
 .text.TIM_SelectOutputTrigger
                0x00000000       0x38 ..\obj\stm32f10x_tim.o
 .text.TIM_SelectSlaveMode
                0x00000000       0x38 ..\obj\stm32f10x_tim.o
 .text.TIM_SelectMasterSlaveMode
                0x00000000       0x38 ..\obj\stm32f10x_tim.o
 .text.TIM_SetCounter
                0x00000000       0x1c ..\obj\stm32f10x_tim.o
 .text.TIM_SetAutoreload
                0x00000000       0x1c ..\obj\stm32f10x_tim.o
 .text.TIM_SetCompare1
                0x00000000       0x1c ..\obj\stm32f10x_tim.o
 .text.TIM_SetCompare2
                0x00000000       0x1c ..\obj\stm32f10x_tim.o
 .text.TIM_SetCompare3
                0x00000000       0x1c ..\obj\stm32f10x_tim.o
 .text.TIM_SetCompare4
                0x00000000       0x20 ..\obj\stm32f10x_tim.o
 .text.TIM_SetIC1Prescaler
                0x00000000       0x38 ..\obj\stm32f10x_tim.o
 .text.TIM_SetIC2Prescaler
                0x00000000       0x3c ..\obj\stm32f10x_tim.o
 .text.TIM_SetIC3Prescaler
                0x00000000       0x38 ..\obj\stm32f10x_tim.o
 .text.TIM_SetIC4Prescaler
                0x00000000       0x3c ..\obj\stm32f10x_tim.o
 .text.TIM_SetClockDivision
                0x00000000       0x38 ..\obj\stm32f10x_tim.o
 .text.TIM_GetCapture1
                0x00000000       0x1c ..\obj\stm32f10x_tim.o
 .text.TIM_GetCapture2
                0x00000000       0x1c ..\obj\stm32f10x_tim.o
 .text.TIM_GetCapture3
                0x00000000       0x1c ..\obj\stm32f10x_tim.o
 .text.TIM_GetCapture4
                0x00000000       0x1c ..\obj\stm32f10x_tim.o
 .text.TIM_GetCounter
                0x00000000       0x1c ..\obj\stm32f10x_tim.o
 .text.TIM_GetPrescaler
                0x00000000       0x1c ..\obj\stm32f10x_tim.o
 .text.TIM_GetFlagStatus
                0x00000000       0x38 ..\obj\stm32f10x_tim.o
 .text.TIM_ClearFlag
                0x00000000       0x20 ..\obj\stm32f10x_tim.o
 .text.TIM_GetITStatus
                0x00000000       0x54 ..\obj\stm32f10x_tim.o
 .text.TIM_ClearITPendingBit
                0x00000000       0x20 ..\obj\stm32f10x_tim.o
 .text.TI1_Config
                0x00000000       0xd4 ..\obj\stm32f10x_tim.o
 .text.TI2_Config
                0x00000000       0xe8 ..\obj\stm32f10x_tim.o
 .text.TI3_Config
                0x00000000       0xe0 ..\obj\stm32f10x_tim.o
 .text.TI4_Config
                0x00000000       0xec ..\obj\stm32f10x_tim.o
 .debug_info    0x00000000     0x1c58 ..\obj\stm32f10x_tim.o
 .debug_abbrev  0x00000000      0x1b0 ..\obj\stm32f10x_tim.o
 .debug_aranges
                0x00000000      0x2f0 ..\obj\stm32f10x_tim.o
 .debug_ranges  0x00000000      0x2e0 ..\obj\stm32f10x_tim.o
 .debug_line    0x00000000      0xa77 ..\obj\stm32f10x_tim.o
 .debug_str     0x00000000      0xde9 ..\obj\stm32f10x_tim.o
 .comment       0x00000000       0x71 ..\obj\stm32f10x_tim.o
 .ARM.attributes
                0x00000000       0x33 ..\obj\stm32f10x_tim.o
 .debug_frame   0x00000000      0xa20 ..\obj\stm32f10x_tim.o
 .text          0x00000000        0x0 ..\obj\system_stm32f10x.o
 .data          0x00000000       0x14 ..\obj\system_stm32f10x.o
 .bss           0x00000000        0x0 ..\obj\system_stm32f10x.o
 .text.SystemCoreClockUpdate
                0x00000000       0xd8 ..\obj\system_stm32f10x.o
 .text          0x00000000        0x0 ..\obj\startup_stm32f10x_md.o
 .data          0x00000000        0x0 ..\obj\startup_stm32f10x_md.o
 .bss           0x00000000        0x0 ..\obj\startup_stm32f10x_md.o
 .text          0x00000000        0x0 ..\obj\stm32f10x_gpio.o
 .data          0x00000000        0x0 ..\obj\stm32f10x_gpio.o
 .bss           0x00000000        0x0 ..\obj\stm32f10x_gpio.o
 .text.GPIO_DeInit
                0x00000000       0xe4 ..\obj\stm32f10x_gpio.o
 .text.GPIO_AFIODeInit
                0x00000000       0x18 ..\obj\stm32f10x_gpio.o
 .text.GPIO_StructInit
                0x00000000       0x28 ..\obj\stm32f10x_gpio.o
 .text.GPIO_ReadInputDataBit
                0x00000000       0x34 ..\obj\stm32f10x_gpio.o
 .text.GPIO_ReadInputData
                0x00000000       0x1c ..\obj\stm32f10x_gpio.o
 .text.GPIO_ReadOutputDataBit
                0x00000000       0x34 ..\obj\stm32f10x_gpio.o
 .text.GPIO_ReadOutputData
                0x00000000       0x1c ..\obj\stm32f10x_gpio.o
 .text.GPIO_WriteBit
                0x00000000       0x30 ..\obj\stm32f10x_gpio.o
 .text.GPIO_Write
                0x00000000       0x1c ..\obj\stm32f10x_gpio.o
 .text.GPIO_PinLockConfig
                0x00000000       0x44 ..\obj\stm32f10x_gpio.o
 .text.GPIO_EventOutputConfig
                0x00000000       0x48 ..\obj\stm32f10x_gpio.o
 .text.GPIO_EventOutputCmd
                0x00000000       0x20 ..\obj\stm32f10x_gpio.o
 .text.GPIO_PinRemapConfig
                0x00000000       0xe0 ..\obj\stm32f10x_gpio.o
 .text.GPIO_EXTILineConfig
                0x00000000       0x7c ..\obj\stm32f10x_gpio.o
 .text.GPIO_ETH_MediaInterfaceConfig
                0x00000000       0x1c ..\obj\stm32f10x_gpio.o
 .text          0x00000000        0x0 ..\obj\main.o
 .data          0x00000000        0x0 ..\obj\main.o
 .bss           0x00000000        0x0 ..\obj\main.o
 .text          0x00000000        0x0 ..\obj\timers.o
 .data          0x00000000        0x0 ..\obj\timers.o
 .bss           0x00000000        0x0 ..\obj\timers.o
 .debug_info    0x00000000       0x6e ..\obj\timers.o
 .debug_abbrev  0x00000000       0x24 ..\obj\timers.o
 .debug_aranges
                0x00000000       0x18 ..\obj\timers.o
 .debug_line    0x00000000       0x1d ..\obj\timers.o
 .debug_str     0x00000000      0x150 ..\obj\timers.o
 .comment       0x00000000       0x71 ..\obj\timers.o
 .ARM.attributes
                0x00000000       0x33 ..\obj\timers.o
 .text          0x00000000        0x0 ..\obj\stm32f10x_rcc.o
 .data          0x00000000       0x14 ..\obj\stm32f10x_rcc.o
 .bss           0x00000000        0x0 ..\obj\stm32f10x_rcc.o
 .text.RCC_DeInit
                0x00000000       0x5c ..\obj\stm32f10x_rcc.o
 .text.RCC_HSEConfig
                0x00000000       0x5c ..\obj\stm32f10x_rcc.o
 .text.RCC_WaitForHSEStartUp
                0x00000000       0x50 ..\obj\stm32f10x_rcc.o
 .text.RCC_AdjustHSICalibrationValue
                0x00000000       0x3c ..\obj\stm32f10x_rcc.o
 .text.RCC_HSICmd
                0x00000000       0x20 ..\obj\stm32f10x_rcc.o
 .text.RCC_PLLConfig
                0x00000000       0x3c ..\obj\stm32f10x_rcc.o
 .text.RCC_PLLCmd
                0x00000000       0x20 ..\obj\stm32f10x_rcc.o
 .text.RCC_SYSCLKConfig
                0x00000000       0x38 ..\obj\stm32f10x_rcc.o
 .text.RCC_GetSYSCLKSource
                0x00000000       0x20 ..\obj\stm32f10x_rcc.o
 .text.RCC_HCLKConfig
                0x00000000       0x38 ..\obj\stm32f10x_rcc.o
 .text.RCC_PCLK1Config
                0x00000000       0x38 ..\obj\stm32f10x_rcc.o
 .text.RCC_PCLK2Config
                0x00000000       0x38 ..\obj\stm32f10x_rcc.o
 .text.RCC_ITConfig
                0x00000000       0x48 ..\obj\stm32f10x_rcc.o
 .text.RCC_USBCLKConfig
                0x00000000       0x1c ..\obj\stm32f10x_rcc.o
 .text.RCC_ADCCLKConfig
                0x00000000       0x38 ..\obj\stm32f10x_rcc.o
 .text.RCC_LSEConfig
                0x00000000       0x40 ..\obj\stm32f10x_rcc.o
 .text.RCC_LSICmd
                0x00000000       0x20 ..\obj\stm32f10x_rcc.o
 .text.RCC_RTCCLKConfig
                0x00000000       0x24 ..\obj\stm32f10x_rcc.o
 .text.RCC_RTCCLKCmd
                0x00000000       0x20 ..\obj\stm32f10x_rcc.o
 .text.RCC_GetClocksFreq
                0x00000000      0x164 ..\obj\stm32f10x_rcc.o
 .text.RCC_AHBPeriphClockCmd
                0x00000000       0x3c ..\obj\stm32f10x_rcc.o
 .text.RCC_APB1PeriphClockCmd
                0x00000000       0x3c ..\obj\stm32f10x_rcc.o
 .text.RCC_APB2PeriphResetCmd
                0x00000000       0x3c ..\obj\stm32f10x_rcc.o
 .text.RCC_APB1PeriphResetCmd
                0x00000000       0x3c ..\obj\stm32f10x_rcc.o
 .text.RCC_BackupResetCmd
                0x00000000       0x20 ..\obj\stm32f10x_rcc.o
 .text.RCC_ClockSecuritySystemCmd
                0x00000000       0x20 ..\obj\stm32f10x_rcc.o
 .text.RCC_MCOConfig
                0x00000000       0x20 ..\obj\stm32f10x_rcc.o
 .text.RCC_GetFlagStatus
                0x00000000       0x74 ..\obj\stm32f10x_rcc.o
 .text.RCC_ClearFlag
                0x00000000       0x1c ..\obj\stm32f10x_rcc.o
 .text.RCC_GetITStatus
                0x00000000       0x38 ..\obj\stm32f10x_rcc.o
 .text.RCC_ClearITPendingBit
                0x00000000       0x20 ..\obj\stm32f10x_rcc.o
 .text          0x00000000        0x0 ..\obj\hd44780.o
 .data          0x00000000        0x0 ..\obj\hd44780.o
 .rodata        0x00000000        0xc ..\obj\hd44780.o
 .text.lcd_return
                0x00000000        0xc ..\obj\hd44780.o
 .text.lcd_goto
                0x00000000       0x54 ..\obj\hd44780.o
 .text.lcd_putc
                0x00000000       0x34 ..\obj\hd44780.o
 .text.lcd_load
                0x00000000       0x40 ..\obj\hd44780.o
 .text.lcd_drawchar
                0x00000000       0x34 ..\obj\hd44780.o
 .text.lcd_backspace
                0x00000000       0x18 ..\obj\hd44780.o
 .text.lcd_scroll
                0x00000000       0x2c ..\obj\hd44780.o
 .text.cursor_shift
                0x00000000       0x2c ..\obj\hd44780.o
 .text.lcd_itostr
                0x00000000       0xa8 ..\obj\hd44780.o
 .text.lcd_numTOstr
                0x00000000       0xd0 ..\obj\hd44780.o
 .text.turn_on_cursor
                0x00000000        0xc ..\obj\hd44780.o
 .text.turn_off_cursor
                0x00000000        0xc ..\obj\hd44780.o
 .text.lcd_putcc
                0x00000000       0x58 ..\obj\hd44780.o
 .text.LCDPrintS
                0x00000000       0x28 ..\obj\hd44780.o
 .text.LCDLine  0x00000000       0x34 ..\obj\hd44780.o
 .text.GetSymb  0x00000000       0x20 ..\obj\hd44780.o
 .text.shift_display
                0x00000000       0x28 ..\obj\hd44780.o
 .text          0x00000000        0x0 ..\obj\tasks.o
 .text.vTaskDelete
                0x00000000       0x9c ..\obj\tasks.o
 .text.vTaskDelayUntil
                0x00000000       0x98 ..\obj\tasks.o
 .text.uxTaskPriorityGet
                0x00000000       0x34 ..\obj\tasks.o
 .text.vTaskPrioritySet
                0x00000000      0x118 ..\obj\tasks.o
 .text.vTaskSuspend
                0x00000000       0xa4 ..\obj\tasks.o
 .text.prvTaskIsTaskSuspended
                0x00000000       0x5c ..\obj\tasks.o
 .text.vTaskResume
                0x00000000       0x90 ..\obj\tasks.o
 .text.xTaskResumeFromISR
                0x00000000       0xa8 ..\obj\tasks.o
 .text.vTaskEndScheduler
                0x00000000       0x18 ..\obj\tasks.o
 .text.xTaskGetTickCount
                0x00000000       0x24 ..\obj\tasks.o
 .text.xTaskGetTickCountFromISR
                0x00000000       0x28 ..\obj\tasks.o
 .text.uxTaskGetNumberOfTasks
                0x00000000       0x18 ..\obj\tasks.o
 .text.vTaskPlaceOnEventList
                0x00000000       0x60 ..\obj\tasks.o
 .text.vTaskPlaceOnUnorderedEventList
                0x00000000       0x6c ..\obj\tasks.o
 .text.xTaskRemoveFromEventList
                0x00000000       0xac ..\obj\tasks.o
 .text.xTaskRemoveFromUnorderedEventList
                0x00000000       0x94 ..\obj\tasks.o
 .text.vTaskSetTimeOutState
                0x00000000       0x2c ..\obj\tasks.o
 .text.xTaskCheckForTimeOut
                0x00000000       0x88 ..\obj\tasks.o
 .text.vTaskMissedYield
                0x00000000       0x18 ..\obj\tasks.o
 .text.xTaskGetCurrentTaskHandle
                0x00000000       0x20 ..\obj\tasks.o
 .text.vTaskPriorityInherit
                0x00000000       0xbc ..\obj\tasks.o
 .text.vTaskPriorityDisinherit
                0x00000000       0x84 ..\obj\tasks.o
 .text.uxTaskResetEventItemValue
                0x00000000       0x30 ..\obj\tasks.o
 .text          0x00000000        0x0 ..\obj\stm32f10x_usart.o
 .data          0x00000000        0x0 ..\obj\stm32f10x_usart.o
 .bss           0x00000000        0x0 ..\obj\stm32f10x_usart.o
 .text.USART_DeInit
                0x00000000       0xb8 ..\obj\stm32f10x_usart.o
 .text.USART_Init
                0x00000000      0x174 ..\obj\stm32f10x_usart.o
 .text.USART_StructInit
                0x00000000       0x38 ..\obj\stm32f10x_usart.o
 .text.USART_ClockInit
                0x00000000       0x54 ..\obj\stm32f10x_usart.o
 .text.USART_ClockStructInit
                0x00000000       0x2c ..\obj\stm32f10x_usart.o
 .text.USART_Cmd
                0x00000000       0x40 ..\obj\stm32f10x_usart.o
 .text.USART_ITConfig
                0x00000000       0x90 ..\obj\stm32f10x_usart.o
 .text.USART_DMACmd
                0x00000000       0x48 ..\obj\stm32f10x_usart.o
 .text.USART_SetAddress
                0x00000000       0x38 ..\obj\stm32f10x_usart.o
 .text.USART_WakeUpConfig
                0x00000000       0x38 ..\obj\stm32f10x_usart.o
 .text.USART_ReceiverWakeUpCmd
                0x00000000       0x40 ..\obj\stm32f10x_usart.o
 .text.USART_LINBreakDetectLengthConfig
                0x00000000       0x38 ..\obj\stm32f10x_usart.o
 .text.USART_LINCmd
                0x00000000       0x40 ..\obj\stm32f10x_usart.o
 .text.USART_SendData
                0x00000000       0x24 ..\obj\stm32f10x_usart.o
 .text.USART_ReceiveData
                0x00000000       0x20 ..\obj\stm32f10x_usart.o
 .text.USART_SendBreak
                0x00000000       0x24 ..\obj\stm32f10x_usart.o
 .text.USART_SetGuardTime
                0x00000000       0x3c ..\obj\stm32f10x_usart.o
 .text.USART_SetPrescaler
                0x00000000       0x38 ..\obj\stm32f10x_usart.o
 .text.USART_SmartCardCmd
                0x00000000       0x40 ..\obj\stm32f10x_usart.o
 .text.USART_SmartCardNACKCmd
                0x00000000       0x40 ..\obj\stm32f10x_usart.o
 .text.USART_HalfDuplexCmd
                0x00000000       0x40 ..\obj\stm32f10x_usart.o
 .text.USART_OverSampling8Cmd
                0x00000000       0x44 ..\obj\stm32f10x_usart.o
 .text.USART_OneBitMethodCmd
                0x00000000       0x40 ..\obj\stm32f10x_usart.o
 .text.USART_IrDAConfig
                0x00000000       0x38 ..\obj\stm32f10x_usart.o
 .text.USART_IrDACmd
                0x00000000       0x40 ..\obj\stm32f10x_usart.o
 .text.USART_GetFlagStatus
                0x00000000       0x38 ..\obj\stm32f10x_usart.o
 .text.USART_ClearFlag
                0x00000000       0x20 ..\obj\stm32f10x_usart.o
 .text.USART_GetITStatus
                0x00000000       0xb0 ..\obj\stm32f10x_usart.o
 .text.USART_ClearITPendingBit
                0x00000000       0x38 ..\obj\stm32f10x_usart.o
 .debug_info    0x00000000      0x9e8 ..\obj\stm32f10x_usart.o
 .debug_abbrev  0x00000000      0x162 ..\obj\stm32f10x_usart.o
 .debug_aranges
                0x00000000      0x100 ..\obj\stm32f10x_usart.o
 .debug_ranges  0x00000000       0xf0 ..\obj\stm32f10x_usart.o
 .debug_line    0x00000000      0x496 ..\obj\stm32f10x_usart.o
 .debug_str     0x00000000      0x69c ..\obj\stm32f10x_usart.o
 .comment       0x00000000       0x71 ..\obj\stm32f10x_usart.o
 .ARM.attributes
                0x00000000       0x33 ..\obj\stm32f10x_usart.o
 .debug_frame   0x00000000      0x344 ..\obj\stm32f10x_usart.o
 .text          0x00000000        0x0 ..\obj\list.o
 .data          0x00000000        0x0 ..\obj\list.o
 .bss           0x00000000        0x0 ..\obj\list.o
 .text          0x00000000        0x0 ..\obj\stm32f10x_flash.o
 .data          0x00000000        0x0 ..\obj\stm32f10x_flash.o
 .bss           0x00000000        0x0 ..\obj\stm32f10x_flash.o
 .text.FLASH_SetLatency
                0x00000000       0x38 ..\obj\stm32f10x_flash.o
 .text.FLASH_HalfCycleAccessCmd
                0x00000000       0x30 ..\obj\stm32f10x_flash.o
 .text.FLASH_PrefetchBufferCmd
                0x00000000       0x30 ..\obj\stm32f10x_flash.o
 .text.FLASH_Unlock
                0x00000000       0x24 ..\obj\stm32f10x_flash.o
 .text.FLASH_UnlockBank1
                0x00000000       0x24 ..\obj\stm32f10x_flash.o
 .text.FLASH_Lock
                0x00000000       0x1c ..\obj\stm32f10x_flash.o
 .text.FLASH_LockBank1
                0x00000000       0x1c ..\obj\stm32f10x_flash.o
 .text.FLASH_ErasePage
                0x00000000       0x64 ..\obj\stm32f10x_flash.o
 .text.FLASH_EraseAllPages
                0x00000000       0x5c ..\obj\stm32f10x_flash.o
 .text.FLASH_EraseAllBank1Pages
                0x00000000       0x5c ..\obj\stm32f10x_flash.o
 .text.FLASH_EraseOptionBytes
                0x00000000       0xd4 ..\obj\stm32f10x_flash.o
 .text.FLASH_ProgramWord
                0x00000000       0x94 ..\obj\stm32f10x_flash.o
 .text.FLASH_ProgramHalfWord
                0x00000000       0x5c ..\obj\stm32f10x_flash.o
 .text.FLASH_ProgramOptionByteData
                0x00000000       0x78 ..\obj\stm32f10x_flash.o
 .text.FLASH_EnableWriteProtection
                0x00000000      0x118 ..\obj\stm32f10x_flash.o
 .text.FLASH_ReadOutProtection
                0x00000000       0xd4 ..\obj\stm32f10x_flash.o
 .text.FLASH_UserOptionByteConfig
                0x00000000       0x94 ..\obj\stm32f10x_flash.o
 .text.FLASH_GetUserOptionByte
                0x00000000       0x18 ..\obj\stm32f10x_flash.o
 .text.FLASH_GetWriteProtectionOptionByte
                0x00000000       0x18 ..\obj\stm32f10x_flash.o
 .text.FLASH_GetReadOutProtectionStatus
                0x00000000       0x34 ..\obj\stm32f10x_flash.o
 .text.FLASH_GetPrefetchBufferStatus
                0x00000000       0x34 ..\obj\stm32f10x_flash.o
 .text.FLASH_ITConfig
                0x00000000       0x3c ..\obj\stm32f10x_flash.o
 .text.FLASH_GetFlagStatus
                0x00000000       0x54 ..\obj\stm32f10x_flash.o
 .text.FLASH_ClearFlag
                0x00000000       0x1c ..\obj\stm32f10x_flash.o
 .text.FLASH_GetStatus
                0x00000000       0x58 ..\obj\stm32f10x_flash.o
 .text.FLASH_GetBank1Status
                0x00000000       0x58 ..\obj\stm32f10x_flash.o
 .text.FLASH_WaitForLastOperation
                0x00000000       0x44 ..\obj\stm32f10x_flash.o
 .text.FLASH_WaitForLastBank1Operation
                0x00000000       0x44 ..\obj\stm32f10x_flash.o
 .debug_info    0x00000000      0x7b1 ..\obj\stm32f10x_flash.o
 .debug_abbrev  0x00000000      0x18b ..\obj\stm32f10x_flash.o
 .debug_aranges
                0x00000000       0xf8 ..\obj\stm32f10x_flash.o
 .debug_ranges  0x00000000       0xe8 ..\obj\stm32f10x_flash.o
 .debug_line    0x00000000      0x4d6 ..\obj\stm32f10x_flash.o
 .debug_str     0x00000000      0x5f4 ..\obj\stm32f10x_flash.o
 .comment       0x00000000       0x71 ..\obj\stm32f10x_flash.o
 .ARM.attributes
                0x00000000       0x33 ..\obj\stm32f10x_flash.o
 .debug_frame   0x00000000      0x338 ..\obj\stm32f10x_flash.o
 .text          0x00000000        0x0 ..\obj\port.o
 .bss           0x00000000        0x0 ..\obj\port.o
 .text.vPortEndScheduler
                0x00000000        0xc ..\obj\port.o
 .text          0x00000000        0x0 ..\obj\queue.o
 .data          0x00000000        0x0 ..\obj\queue.o
 .bss           0x00000000        0x0 ..\obj\queue.o
 .text.xQueueGenericReset
                0x00000000       0xa4 ..\obj\queue.o
 .text.xQueueGenericCreate
                0x00000000       0x70 ..\obj\queue.o
 .text.xQueueCreateMutex
                0x00000000       0x7c ..\obj\queue.o
 .text.xQueueGenericSend
                0x00000000      0x118 ..\obj\queue.o
 .text.xQueueGenericSendFromISR
                0x00000000       0x88 ..\obj\queue.o
 .text.xQueueGenericReceive
                0x00000000      0x170 ..\obj\queue.o
 .text.xQueueReceiveFromISR
                0x00000000       0x84 ..\obj\queue.o
 .text.xQueuePeekFromISR
                0x00000000       0x4c ..\obj\queue.o
 .text.uxQueueMessagesWaiting
                0x00000000       0x20 ..\obj\queue.o
 .text.uxQueueSpacesAvailable
                0x00000000       0x2c ..\obj\queue.o
 .text.uxQueueMessagesWaitingFromISR
                0x00000000       0x1c ..\obj\queue.o
 .text.vQueueDelete
                0x00000000       0x2c ..\obj\queue.o
 .text.prvCopyDataToQueue
                0x00000000       0xd0 ..\obj\queue.o
 .text.prvCopyDataFromQueue
                0x00000000       0x4c ..\obj\queue.o
 .text.prvUnlockQueue
                0x00000000       0x98 ..\obj\queue.o
 .text.prvIsQueueEmpty
                0x00000000       0x2c ..\obj\queue.o
 .text.xQueueIsQueueEmptyFromISR
                0x00000000       0x28 ..\obj\queue.o
 .text.prvIsQueueFull
                0x00000000       0x30 ..\obj\queue.o
 .text.xQueueIsQueueFullFromISR
                0x00000000       0x2c ..\obj\queue.o
 .debug_info    0x00000000      0x8f9 ..\obj\queue.o
 .debug_abbrev  0x00000000      0x186 ..\obj\queue.o
 .debug_aranges
                0x00000000       0xb0 ..\obj\queue.o
 .debug_ranges  0x00000000       0xa0 ..\obj\queue.o
 .debug_line    0x00000000      0x503 ..\obj\queue.o
 .debug_str     0x00000000      0x5c6 ..\obj\queue.o
 .comment       0x00000000       0x71 ..\obj\queue.o
 .ARM.attributes
                0x00000000       0x33 ..\obj\queue.o
 .debug_frame   0x00000000      0x264 ..\obj\queue.o
 .text          0x00000000        0x0 ..\obj\croutine.o
 .data          0x00000000        0x0 ..\obj\croutine.o
 .bss           0x00000000       0x80 ..\obj\croutine.o
 .text.xCoRoutineCreate
                0x00000000       0xcc ..\obj\croutine.o
 .text.vCoRoutineAddToDelayedList
                0x00000000       0x84 ..\obj\croutine.o
 .text.prvCheckPendingReadyList
                0x00000000       0x78 ..\obj\croutine.o
 .text.prvCheckDelayedList
                0x00000000       0xf8 ..\obj\croutine.o
 .text.vCoRoutineSchedule
                0x00000000       0xa0 ..\obj\croutine.o
 .text.prvInitialiseCoRoutineLists
                0x00000000       0x68 ..\obj\croutine.o
 .text.xCoRoutineRemoveFromEventList
                0x00000000       0x50 ..\obj\croutine.o
 .debug_info    0x00000000      0x4ba ..\obj\croutine.o
 .debug_abbrev  0x00000000      0x17e ..\obj\croutine.o
 .debug_aranges
                0x00000000       0x50 ..\obj\croutine.o
 .debug_ranges  0x00000000       0x40 ..\obj\croutine.o
 .debug_line    0x00000000      0x303 ..\obj\croutine.o
 .debug_str     0x00000000      0x4d0 ..\obj\croutine.o
 .comment       0x00000000       0x71 ..\obj\croutine.o
 .ARM.attributes
                0x00000000       0x33 ..\obj\croutine.o
 .debug_frame   0x00000000       0xf0 ..\obj\croutine.o
 .text          0x00000000        0x0 ..\obj\event_groups.o
 .data          0x00000000        0x0 ..\obj\event_groups.o
 .bss           0x00000000        0x0 ..\obj\event_groups.o
 .text.xEventGroupCreate
                0x00000000       0x30 ..\obj\event_groups.o
 .text.xEventGroupSync
                0x00000000       0xe0 ..\obj\event_groups.o
 .text.xEventGroupWaitBits
                0x00000000      0x104 ..\obj\event_groups.o
 .text.xEventGroupClearBits
                0x00000000       0x34 ..\obj\event_groups.o
 .text.xEventGroupGetBitsFromISR
                0x00000000       0x28 ..\obj\event_groups.o
 .text.xEventGroupSetBits
                0x00000000       0xdc ..\obj\event_groups.o
 .text.vEventGroupDelete
                0x00000000       0x40 ..\obj\event_groups.o
 .text.vEventGroupSetBitsCallback
                0x00000000       0x18 ..\obj\event_groups.o
 .text.vEventGroupClearBitsCallback
                0x00000000       0x18 ..\obj\event_groups.o
 .text.prvTestWaitCondition
                0x00000000       0x44 ..\obj\event_groups.o
 .debug_info    0x00000000      0x606 ..\obj\event_groups.o
 .debug_abbrev  0x00000000      0x119 ..\obj\event_groups.o
 .debug_aranges
                0x00000000       0x68 ..\obj\event_groups.o
 .debug_ranges  0x00000000       0x58 ..\obj\event_groups.o
 .debug_line    0x00000000      0x32a ..\obj\event_groups.o
 .debug_str     0x00000000      0x4c2 ..\obj\event_groups.o
 .comment       0x00000000       0x71 ..\obj\event_groups.o
 .ARM.attributes
                0x00000000       0x33 ..\obj\event_groups.o
 .debug_frame   0x00000000      0x14c ..\obj\event_groups.o
 .text          0x00000000        0x0 ..\obj\heap_2.o
 .rodata        0x00000000        0x2 ..\obj\heap_2.o
 .text.xPortGetFreeHeapSize
                0x00000000       0x18 ..\obj\heap_2.o
 .text.vPortInitialiseBlocks
                0x00000000        0xc ..\obj\heap_2.o
 .text          0x00000000       0xec c:/program files/gnu tools arm embedded/4.8 2014q1/bin/../lib/gcc/arm-none-eabi/4.8.3/../../../../arm-none-eabi/lib/armv7-m\libg.a(lib_a-memcpy.o)
 .data          0x00000000        0x0 c:/program files/gnu tools arm embedded/4.8 2014q1/bin/../lib/gcc/arm-none-eabi/4.8.3/../../../../arm-none-eabi/lib/armv7-m\libg.a(lib_a-memcpy.o)
 .bss           0x00000000        0x0 c:/program files/gnu tools arm embedded/4.8 2014q1/bin/../lib/gcc/arm-none-eabi/4.8.3/../../../../arm-none-eabi/lib/armv7-m\libg.a(lib_a-memcpy.o)
 .ARM.attributes
                0x00000000       0x1b c:/program files/gnu tools arm embedded/4.8 2014q1/bin/../lib/gcc/arm-none-eabi/4.8.3/../../../../arm-none-eabi/lib/armv7-m\libg.a(lib_a-memcpy.o)

Memory Configuration

Name             Origin             Length             Attributes
rom              0x08000000         0x00010000         xr
ram              0x20000000         0x00005000         xrw
*default*        0x00000000         0xffffffff

Linker script and memory map

                0x20005000                _eram = 0x20005000

.text           0x08000000     0x1618
 *(.isr_vector)
 .isr_vector    0x08000000      0x10c ..\obj\startup_stm32f10x_md.o
                0x08000000                g_pfnVectors
 *(.text*)
 .text.SystemInit
                0x0800010c       0x68 ..\obj\system_stm32f10x.o
                0x0800010c                SystemInit
 .text.SetSysClock
                0x08000174        0xc ..\obj\system_stm32f10x.o
 .text.SetSysClockTo72
                0x08000180      0x100 ..\obj\system_stm32f10x.o
 .text.Default_Reset_Handler
                0x08000280       0x60 ..\obj\startup_stm32f10x_md.o
                0x08000280                Default_Reset_Handler
                0x08000280                Reset_Handler
 .text.Default_Handler
                0x080002e0        0x8 ..\obj\startup_stm32f10x_md.o
                0x080002e0                EXTI2_IRQHandler
                0x080002e0                DebugMon_Handler
                0x080002e0                TIM1_CC_IRQHandler
                0x080002e0                HardFault_Handler
                0x080002e0                SysTick_Handler
                0x080002e0                PVD_IRQHandler
                0x080002e0                PendSV_Handler
                0x080002e0                NMI_Handler
                0x080002e0                EXTI3_IRQHandler
                0x080002e0                EXTI0_IRQHandler
                0x080002e0                I2C2_EV_IRQHandler
                0x080002e0                UsageFault_Handler
                0x080002e0                ADC1_2_IRQHandler
                0x080002e0                SPI1_IRQHandler
                0x080002e0                TAMPER_IRQHandler
                0x080002e0                DMA1_Channel4_IRQHandler
                0x080002e0                USART3_IRQHandler
                0x080002e0                RTC_IRQHandler
                0x080002e0                DMA1_Channel7_IRQHandler
                0x080002e0                CAN1_RX1_IRQHandler
                0x080002e0                TIM4_IRQHandler
                0x080002e0                I2C1_EV_IRQHandler
                0x080002e0                DMA1_Channel6_IRQHandler
                0x080002e0                TIM3_IRQHandler
                0x080002e0                RCC_IRQHandler
                0x080002e0                TIM1_TRG_COM_IRQHandler
                0x080002e0                DMA1_Channel1_IRQHandler
                0x080002e0                EXTI15_10_IRQHandler
                0x080002e0                EXTI9_5_IRQHandler
                0x080002e0                SPI2_IRQHandler
                0x080002e0                MemManage_Handler
                0x080002e0                SVC_Handler
                0x080002e0                DMA1_Channel5_IRQHandler
                0x080002e0                EXTI4_IRQHandler
                0x080002e0                USB_LP_CAN1_RX0_IRQHandler
                0x080002e0                USB_HP_CAN1_TX_IRQHandler
                0x080002e0                DMA1_Channel3_IRQHandler
                0x080002e0                TIM1_UP_IRQHandler
                0x080002e0                WWDG_IRQHandler
                0x080002e0                TIM2_IRQHandler
                0x080002e0                TIM1_BRK_IRQHandler
                0x080002e0                EXTI1_IRQHandler
                0x080002e0                RTCAlarm_IRQHandler
                0x080002e0                USART2_IRQHandler
                0x080002e0                I2C2_ER_IRQHandler
                0x080002e0                DMA1_Channel2_IRQHandler
                0x080002e0                CAN1_SCE_IRQHandler
                0x080002e0                FLASH_IRQHandler
                0x080002e0                BusFault_Handler
                0x080002e0                USART1_IRQHandler
                0x080002e0                I2C1_ER_IRQHandler
                0x080002e0                USBWakeUp_IRQHandler
 .text.GPIO_Init
                0x080002e8      0x178 ..\obj\stm32f10x_gpio.o
                0x080002e8                GPIO_Init
 .text.GPIO_SetBits
                0x08000460       0x1c ..\obj\stm32f10x_gpio.o
                0x08000460                GPIO_SetBits
 .text.GPIO_ResetBits
                0x0800047c       0x1c ..\obj\stm32f10x_gpio.o
                0x0800047c                GPIO_ResetBits
 .text.main     0x08000498       0x58 ..\obj\main.o
                0x08000498                main
 .text.prvSetupHardware
                0x080004f0       0x30 ..\obj\main.o
 .text.prvLedBlink1
                0x08000520       0x30 ..\obj\main.o
 .text.prvLedBlink2
                0x08000550       0x28 ..\obj\main.o
 .text.vApplicationTickHook
                0x08000578       0x14 ..\obj\main.o
                0x08000578                vApplicationTickHook
 .text.RCC_APB2PeriphClockCmd
                0x0800058c       0x3c ..\obj\stm32f10x_rcc.o
                0x0800058c                RCC_APB2PeriphClockCmd
 .text.gpio_init
                0x080005c8       0x40 ..\obj\hd44780.o
                0x080005c8                gpio_init
 .text.DELAY    0x08000608       0x60 ..\obj\hd44780.o
 .text.LCD_STROBE
                0x08000668       0x38 ..\obj\hd44780.o
 .text.HIGHBITS
                0x080006a0       0xa8 ..\obj\hd44780.o
 .text.LOWBITS  0x08000748       0xa8 ..\obj\hd44780.o
 .text.lcd_cmd  0x080007f0       0x2c ..\obj\hd44780.o
                0x080007f0                lcd_cmd
 .text.lcd_clrscr
                0x0800081c       0x1c ..\obj\hd44780.o
                0x0800081c                lcd_clrscr
 .text.lcd_prints
                0x08000838       0x44 ..\obj\hd44780.o
                0x08000838                lcd_prints
 .text.lcd_config
                0x0800087c       0x34 ..\obj\hd44780.o
                0x0800087c                lcd_config
 .text.lcd_init
                0x080008b0       0x50 ..\obj\hd44780.o
                0x080008b0                lcd_init
 .text.xTaskGenericCreate
                0x08000900      0x138 ..\obj\tasks.o
                0x08000900                xTaskGenericCreate
 .text.vTaskDelay
                0x08000a38       0x50 ..\obj\tasks.o
                0x08000a38                vTaskDelay
 .text.vTaskStartScheduler
                0x08000a88       0x54 ..\obj\tasks.o
                0x08000a88                vTaskStartScheduler
 .text.vTaskSuspendAll
                0x08000adc       0x1c ..\obj\tasks.o
                0x08000adc                vTaskSuspendAll
 .text.xTaskResumeAll
                0x08000af8       0xfc ..\obj\tasks.o
                0x08000af8                xTaskResumeAll
 .text.xTaskIncrementTick
                0x08000bf4      0x170 ..\obj\tasks.o
                0x08000bf4                xTaskIncrementTick
 .text.vTaskSwitchContext
                0x08000d64       0x98 ..\obj\tasks.o
                0x08000d64                vTaskSwitchContext
 .text.prvIdleTask
                0x08000dfc       0x20 ..\obj\tasks.o
 .text.prvInitialiseTCBVariables
                0x08000e1c       0x90 ..\obj\tasks.o
 .text.prvInitialiseTaskLists
                0x08000eac       0x7c ..\obj\tasks.o
 .text.prvCheckTasksWaitingTermination
                0x08000f28       0x74 ..\obj\tasks.o
 .text.prvAddCurrentTaskToDelayedList
                0x08000f9c       0x6c ..\obj\tasks.o
 .text.prvAllocateTCBAndStack
                0x08001008       0x50 ..\obj\tasks.o
 .text.prvDeleteTCB
                0x08001058       0x20 ..\obj\tasks.o
 .text.prvResetNextTaskUnblockTime
                0x08001078       0x48 ..\obj\tasks.o
 .text.vListInitialise
                0x080010c0       0x40 ..\obj\list.o
                0x080010c0                vListInitialise
 .text.vListInitialiseItem
                0x08001100       0x18 ..\obj\list.o
                0x08001100                vListInitialiseItem
 .text.vListInsertEnd
                0x08001118       0x48 ..\obj\list.o
                0x08001118                vListInsertEnd
 .text.vListInsert
                0x08001160       0x70 ..\obj\list.o
                0x08001160                vListInsert
 .text.uxListRemove
                0x080011d0       0x54 ..\obj\list.o
                0x080011d0                uxListRemove
 .text.pxPortInitialiseStack
                0x08001224       0x58 ..\obj\port.o
                0x08001224                pxPortInitialiseStack
 .text.prvTaskExitError
                0x0800127c        0xc ..\obj\port.o
 .text.vPortSVCHandler
                0x08001288       0x24 ..\obj\port.o
                0x08001288                vPortSVCHandler
 .text.prvPortStartFirstTask
                0x080012ac       0x1c ..\obj\port.o
 .text.xPortStartScheduler
                0x080012c8       0x3c ..\obj\port.o
                0x080012c8                xPortStartScheduler
 .text.vPortYield
                0x08001304       0x20 ..\obj\port.o
                0x08001304                vPortYield
 .text.vPortEnterCritical
                0x08001324       0x20 ..\obj\port.o
                0x08001324                vPortEnterCritical
 .text.vPortExitCritical
                0x08001344       0x24 ..\obj\port.o
                0x08001344                vPortExitCritical
 .text.ulPortSetInterruptMask
                0x08001368       0x14 ..\obj\port.o
                0x08001368                ulPortSetInterruptMask
 .text.vPortClearInterruptMask
                0x0800137c        0x8 ..\obj\port.o
                0x0800137c                vPortClearInterruptMask
 .text.xPortPendSVHandler
                0x08001384       0x44 ..\obj\port.o
                0x08001384                xPortPendSVHandler
 .text.xPortSysTickHandler
                0x080013c8       0x28 ..\obj\port.o
                0x080013c8                xPortSysTickHandler
 .text.vPortSetupTimerInterrupt
                0x080013f0       0x24 ..\obj\port.o
                0x080013f0                vPortSetupTimerInterrupt
 .text.pvPortMalloc
                0x08001414      0x118 ..\obj\heap_2.o
                0x08001414                pvPortMalloc
 .text.vPortFree
                0x0800152c       0x70 ..\obj\heap_2.o
                0x0800152c                vPortFree
 .text.prvHeapInit
                0x0800159c       0x50 ..\obj\heap_2.o
 *(.init)
 *(.fini)
 *crtbegin.o(.ctors)
 *crtbegin?.o(.ctors)
 *(EXCLUDE_FILE(*crtend.o *crtend?.o) .ctors)
 *(SORT(.ctors.*))
 *(.ctors)
 *crtbegin.o(.dtors)
 *crtbegin?.o(.dtors)
 *(EXCLUDE_FILE(*crtend.o *crtend?.o) .dtors)
 *(SORT(.dtors.*))
 *(.dtors)
 *(.rodata*)
 .rodata        0x080015ec       0x24 ..\obj\main.o
 .rodata        0x08001610        0x8 ..\obj\tasks.o
 *(.eh_fram e*)

.glue_7         0x08001618        0x0
 .glue_7        0x00000000        0x0 linker stubs

.glue_7t        0x08001618        0x0
 .glue_7t       0x00000000        0x0 linker stubs

.vfp11_veneer   0x08001618        0x0
 .vfp11_veneer  0x00000000        0x0 linker stubs

.v4_bx          0x08001618        0x0
 .v4_bx         0x00000000        0x0 linker stubs

.iplt           0x08001618        0x0
 .iplt          0x00000000        0x0 ..\obj\stm32f10x_tim.o

.rel.dyn        0x08001618        0x0
 .rel.iplt      0x00000000        0x0 ..\obj\stm32f10x_tim.o

.ARM.extab
 *(.ARM.extab* .gnu.linkonce.armextab.*)
                0x08001618                __exidx_start = .

.ARM.exidx
 *(.ARM.exidx* .gnu.linkonce.armexidx.*)
                0x08001618                __exidx_end = .
                0x08001618                __etext = .
                0x08001618                _sidata = __etext

.data           0x20000000        0xc load address 0x08001618
                0x20000000                __data_start__ = .
                0x20000000                _sdata = __data_start__
 *(vtable)
 *(.data*)
 .data          0x20000000        0x4 ..\obj\tasks.o
 .data          0x20000004        0x4 ..\obj\port.o
 .data          0x20000008        0x4 ..\obj\heap_2.o
                0x2000000c                . = ALIGN (0x4)
                0x2000000c                PROVIDE (__preinit_array_start, .)
 *(.preinit_array)
                0x2000000c                PROVIDE (__preinit_array_end, .)
                0x2000000c                . = ALIGN (0x4)
                0x2000000c                PROVIDE (__init_array_start, .)
 *(SORT(.init_array.*))
 *(.init_array)
                0x2000000c                PROVIDE (__init_array_end, .)
                0x2000000c                . = ALIGN (0x4)
                0x2000000c                PROVIDE (__fini_array_start, .)
 *(SORT(.fini_array.*))
 *(.fini_array)
                0x2000000c                PROVIDE (__fini_array_end, .)
 *(.jcr*)
                0x2000000c                . = ALIGN (0x4)
                0x2000000c                __data_end__ = .
                0x2000000c                _edata = __data_end__

.igot.plt       0x2000000c        0x0 load address 0x08001624
 .igot.plt      0x00000000        0x0 ..\obj\stm32f10x_tim.o

.bss            0x2000000c     0x4514 load address 0x08001624
                0x2000000c                . = ALIGN (0x4)
                0x2000000c                __bss_start__ = .
                0x2000000c                _sbss = __bss_start__
 *(.bss*)
 .bss           0x2000000c        0x1 ..\obj\hd44780.o
                0x2000000c                lcd_cnt
 *fill*         0x2000000d        0x3 
 .bss           0x20000010       0xfc ..\obj\tasks.o
                0x20000010                pxCurrentTCB
 .bss           0x2000010c     0x4414 ..\obj\heap_2.o
 *(COMMON)
                0x20004520                . = ALIGN (0x4)
                0x20004520                __bss_end__ = .
                0x20004520                _ebss = __bss_end__

.heap           0x20004520        0x0
                0x20004520                __end__ = .
                0x20004520                _end = __end__
                0x20004520                end = __end__
 *(.heap*)
                0x20004520                __HeapLimit = .

.co_stack       0x20004520      0x400 load address 0x08005b38
                0x20004520                . = ALIGN (0x8)
 *(.co_stack .co_stack.*)
 .co_stack      0x20004520      0x400 ..\obj\startup_stm32f10x_md.o
                0x20004520                pulStack
                0x20005000                __StackTop = (ORIGIN (ram) + 0x5000)
                0x20004c00                __StackLimit = (__StackTop - SIZEOF (.co_stack))
                0x20005000                PROVIDE (__stack, __StackTop)
                0x00000001                ASSERT ((__StackLimit >= __HeapLimit), region ram  overflowed with stack)
LOAD ..\obj\stm32f10x_tim.o
LOAD ..\obj\system_stm32f10x.o
LOAD ..\obj\startup_stm32f10x_md.o
LOAD ..\obj\stm32f10x_gpio.o
LOAD ..\obj\main.o
LOAD ..\obj\timers.o
LOAD ..\obj\stm32f10x_rcc.o
LOAD ..\obj\hd44780.o
LOAD ..\obj\tasks.o
LOAD ..\obj\stm32f10x_usart.o
LOAD ..\obj\list.o
LOAD ..\obj\stm32f10x_flash.o
LOAD ..\obj\port.o
LOAD ..\obj\queue.o
LOAD ..\obj\croutine.o
LOAD ..\obj\event_groups.o
LOAD ..\obj\heap_2.o
START GROUP
LOAD c:/program files/gnu tools arm embedded/4.8 2014q1/bin/../lib/gcc/arm-none-eabi/4.8.3/armv7-m\libgcc.a
LOAD c:/program files/gnu tools arm embedded/4.8 2014q1/bin/../lib/gcc/arm-none-eabi/4.8.3/../../../../arm-none-eabi/lib/armv7-m\libg.a
LOAD c:/program files/gnu tools arm embedded/4.8 2014q1/bin/../lib/gcc/arm-none-eabi/4.8.3/../../../../arm-none-eabi/lib/armv7-m\libc.a
END GROUP
OUTPUT(test_stm32f103.elf elf32-littlearm)

.debug_info     0x00000000     0x33b5
 .debug_info    0x00000000      0x479 ..\obj\system_stm32f10x.o
 .debug_info    0x00000479       0xe9 ..\obj\startup_stm32f10x_md.o
 .debug_info    0x00000562      0x6e7 ..\obj\stm32f10x_gpio.o
 .debug_info    0x00000c49      0x2a8 ..\obj\main.o
 .debug_info    0x00000ef1      0x88d ..\obj\stm32f10x_rcc.o
 .debug_info    0x0000177e      0x638 ..\obj\hd44780.o
 .debug_info    0x00001db6      0xe5c ..\obj\tasks.o
 .debug_info    0x00002c12      0x299 ..\obj\list.o
 .debug_info    0x00002eab      0x234 ..\obj\port.o
 .debug_info    0x000030df      0x2d6 ..\obj\heap_2.o

.debug_abbrev   0x00000000      0xe32
 .debug_abbrev  0x00000000      0x14c ..\obj\system_stm32f10x.o
 .debug_abbrev  0x0000014c       0xa7 ..\obj\startup_stm32f10x_md.o
 .debug_abbrev  0x000001f3      0x1c8 ..\obj\stm32f10x_gpio.o
 .debug_abbrev  0x000003bb      0x144 ..\obj\main.o
 .debug_abbrev  0x000004ff      0x1ba ..\obj\stm32f10x_rcc.o
 .debug_abbrev  0x000006b9      0x20a ..\obj\hd44780.o
 .debug_abbrev  0x000008c3      0x203 ..\obj\tasks.o
 .debug_abbrev  0x00000ac6       0xbc ..\obj\list.o
 .debug_abbrev  0x00000b82      0x160 ..\obj\port.o
 .debug_abbrev  0x00000ce2      0x150 ..\obj\heap_2.o

.debug_aranges  0x00000000      0x5a0
 .debug_aranges
                0x00000000       0x38 ..\obj\system_stm32f10x.o
 .debug_aranges
                0x00000038       0x28 ..\obj\startup_stm32f10x_md.o
 .debug_aranges
                0x00000060       0xa8 ..\obj\stm32f10x_gpio.o
 .debug_aranges
                0x00000108       0x40 ..\obj\main.o
 .debug_aranges
                0x00000148      0x118 ..\obj\stm32f10x_rcc.o
 .debug_aranges
                0x00000260       0xf0 ..\obj\hd44780.o
 .debug_aranges
                0x00000350      0x148 ..\obj\tasks.o
 .debug_aranges
                0x00000498       0x40 ..\obj\list.o
 .debug_aranges
                0x000004d8       0x88 ..\obj\port.o
 .debug_aranges
                0x00000560       0x40 ..\obj\heap_2.o

.debug_ranges   0x00000000      0x500
 .debug_ranges  0x00000000       0x28 ..\obj\system_stm32f10x.o
 .debug_ranges  0x00000028       0x18 ..\obj\startup_stm32f10x_md.o
 .debug_ranges  0x00000040       0x98 ..\obj\stm32f10x_gpio.o
 .debug_ranges  0x000000d8       0x30 ..\obj\main.o
 .debug_ranges  0x00000108      0x108 ..\obj\stm32f10x_rcc.o
 .debug_ranges  0x00000210       0xe0 ..\obj\hd44780.o
 .debug_ranges  0x000002f0      0x138 ..\obj\tasks.o
 .debug_ranges  0x00000428       0x30 ..\obj\list.o
 .debug_ranges  0x00000458       0x78 ..\obj\port.o
 .debug_ranges  0x000004d0       0x30 ..\obj\heap_2.o

.debug_line     0x00000000     0x2255
 .debug_line    0x00000000      0x20c ..\obj\system_stm32f10x.o
 .debug_line    0x0000020c       0xa6 ..\obj\startup_stm32f10x_md.o
 .debug_line    0x000002b2      0x3ab ..\obj\stm32f10x_gpio.o
 .debug_line    0x0000065d      0x2aa ..\obj\main.o
 .debug_line    0x00000907      0x4b9 ..\obj\stm32f10x_rcc.o
 .debug_line    0x00000dc0      0x485 ..\obj\hd44780.o
 .debug_line    0x00001245      0x886 ..\obj\tasks.o
 .debug_line    0x00001acb      0x242 ..\obj\list.o
 .debug_line    0x00001d0d      0x2a9 ..\obj\port.o
 .debug_line    0x00001fb6      0x29f ..\obj\heap_2.o

.debug_str      0x00000000     0x1977
 .debug_str     0x00000000      0x28c ..\obj\system_stm32f10x.o
                                0x2fb (size before relaxing)
 .debug_str     0x0000028c       0xb4 ..\obj\startup_stm32f10x_md.o
                                0x14b (size before relaxing)
 .debug_str     0x00000340      0x3b9 ..\obj\stm32f10x_gpio.o
                                0x525 (size before relaxing)
 .debug_str     0x000006f9       0xa1 ..\obj\main.o
                                0x322 (size before relaxing)
 .debug_str     0x0000079a      0x3ec ..\obj\stm32f10x_rcc.o
                                0x626 (size before relaxing)
 .debug_str     0x00000b86      0x1d9 ..\obj\hd44780.o
                                0x382 (size before relaxing)
 .debug_str     0x00000d5f      0x83b ..\obj\tasks.o
                                0x9cf (size before relaxing)
 .debug_str     0x0000159a       0xd4 ..\obj\list.o
                                0x2a1 (size before relaxing)
 .debug_str     0x0000166e      0x18b ..\obj\port.o
                                0x304 (size before relaxing)
 .debug_str     0x000017f9      0x17e ..\obj\heap_2.o
                                0x2e3 (size before relaxing)

.comment        0x00000000       0x70
 .comment       0x00000000       0x70 ..\obj\system_stm32f10x.o
                                 0x71 (size before relaxing)
 .comment       0x00000000       0x71 ..\obj\startup_stm32f10x_md.o
 .comment       0x00000000       0x71 ..\obj\stm32f10x_gpio.o
 .comment       0x00000000       0x71 ..\obj\main.o
 .comment       0x00000000       0x71 ..\obj\stm32f10x_rcc.o
 .comment       0x00000000       0x71 ..\obj\hd44780.o
 .comment       0x00000000       0x71 ..\obj\tasks.o
 .comment       0x00000000       0x71 ..\obj\list.o
 .comment       0x00000000       0x71 ..\obj\port.o
 .comment       0x00000000       0x71 ..\obj\heap_2.o

.ARM.attributes
                0x00000000       0x31
 .ARM.attributes
                0x00000000       0x33 ..\obj\system_stm32f10x.o
 .ARM.attributes
                0x00000033       0x33 ..\obj\startup_stm32f10x_md.o
 .ARM.attributes
                0x00000066       0x33 ..\obj\stm32f10x_gpio.o
 .ARM.attributes
                0x00000099       0x33 ..\obj\main.o
 .ARM.attributes
                0x000000cc       0x33 ..\obj\stm32f10x_rcc.o
 .ARM.attributes
                0x000000ff       0x33 ..\obj\hd44780.o
 .ARM.attributes
                0x00000132       0x33 ..\obj\tasks.o
 .ARM.attributes
                0x00000165       0x33 ..\obj\list.o
 .ARM.attributes
                0x00000198       0x33 ..\obj\port.o
 .ARM.attributes
                0x000001cb       0x33 ..\obj\heap_2.o

.debug_frame    0x00000000     0x1170
 .debug_frame   0x00000000       0x80 ..\obj\system_stm32f10x.o
 .debug_frame   0x00000080       0x48 ..\obj\startup_stm32f10x_md.o
 .debug_frame   0x000000c8      0x210 ..\obj\stm32f10x_gpio.o
 .debug_frame   0x000002d8       0xac ..\obj\main.o
 .debug_frame   0x00000384      0x388 ..\obj\stm32f10x_rcc.o
 .debug_frame   0x0000070c      0x340 ..\obj\hd44780.o
 .debug_frame   0x00000a4c      0x49c ..\obj\tasks.o
 .debug_frame   0x00000ee8       0x9c ..\obj\list.o
 .debug_frame   0x00000f84      0x150 ..\obj\port.o
 .debug_frame   0x000010d4       0x9c ..\obj\heap_2.o
